ryderstorm_1@rural_reader_q1:~/workspace (master) $ ssh-keygen
Generating public/private rsa key pair.
Enter file in which to save the key (/home/ubuntu/.ssh/id_rsa):
/home/ubuntu/.ssh/id_rsa already exists.
Overwrite (y/n)? n
ryderstorm_1@rural_reader_q1:~/workspace (master) $ cd .ssh
bash: cd: .ssh: No such file or directory
ryderstorm_1@rural_reader_q1:~/workspace (master) $ cd ~/.ssh
ryderstorm_1@rural_reader_q1:~/.ssh $ cd idrsa
bash: cd: idrsa: No such file or directory
ryderstorm_1@rural_reader_q1:~/.ssh $ cd id_rsa
bash: cd: id_rsa: Not a directory
ryderstorm_1@rural_reader_q1:~/.ssh $ ls
authorized_keys  config  id_rsa  id_rsa.pub  known_hosts
ryderstorm_1@rural_reader_q1:~/.ssh $ cd id_rsa
bash: cd: id_rsa: Not a directory
ryderstorm_1@rural_reader_q1:~/.ssh $ vim id_rsa.pub
ryderstorm_1@rural_reader_q1:~/.ssh $ vim id_rsa.pub
ryderstorm_1@rural_reader_q1:~/.ssh $ ssh damien@69.61.108.36
The authenticity of host '69.61.108.36 (69.61.108.36)' can't be established.
ECDSA key fingerprint is 79:1f:1e:f2:31:28:16:9c:8a:f3:d8:bb:f7:e7:62:88.
Are you sure you want to continue connecting (yes/no)? yes
Warning: Permanently added '69.61.108.36' (ECDSA) to the list of known hosts.
Welcome to Ubuntu 12.04.4 LTS (GNU/Linux 3.8.0-42-generic x86_64)

 * Documentation:  https://help.ubuntu.com/

  System information as of Tue Sep 30 14:23:43 EDT 2014

  System load:  0.18               Processes:           128
  Usage of /:   3.1% of 237.84GB   Users logged in:     1
  Memory usage: 16%                IP address for eth0: 10.238.240.36
  Swap usage:   0%

  Graph this data and manage this system at:
    https://landscape.canonical.com/

25 packages can be updated.
0 updates are security updates.

New release '14.04.1 LTS' available.
Run 'do-release-upgrade' to upgrade to it.



Your current Hardware Enablement Stack (HWE) is no longer supported
since 08/07/14.  Security updates for critical parts (kernel
and graphics stack) of your system are no longer available.

For more information, please see:
http://wiki.ubuntu.com/1204_HWE_EOL

To upgrade to a supported (or longer supported) configuration:

* Upgrade from Ubuntu 12.04 LTS to Ubuntu 14.04 LTS by running:
sudo do-release-upgrade

OR

* Install a newer HWE version by running:
sudo apt-get install linux-generic-lts-trusty linux-image-generic-lts-trusty

and reboot your system.

*** System restart required ***

The programs included with the Ubuntu system are free software;
the exact distribution terms for each program are described in the
individual files in /usr/share/doc/*/copyright.

Ubuntu comes with ABSOLUTELY NO WARRANTY, to the extent permitted by
applicable law.

damien@ATLMOBWEB:~$ cd /var/www
damien@ATLMOBWEB:/var/www$ ls
blue-source       blue-source-saml        code-challenge-grading-staging  rural-directory  webhook
blue-source-cert  code-challenge-grading  lunch-learn                     rural-reader
damien@ATLMOBWEB:/var/www$ cd rural-reader/
damien@ATLMOBWEB:/var/www/rural-reader$ ls
2014  2015
damien@ATLMOBWEB:/var/www/rural-reader$ cd 201
-bash: cd: 201: No such file or directory
damien@ATLMOBWEB:/var/www/rural-reader$ touch tests
touch: cannot touch `tests': Permission denied
damien@ATLMOBWEB:/var/www/rural-reader$ touch test
touch: cannot touch `test': Permission denied
damien@ATLMOBWEB:/var/www/rural-reader$ cd 2015
damien@ATLMOBWEB:/var/www/rural-reader/2015$ ls
q1
damien@ATLMOBWEB:/var/www/rural-reader/2015$ cd q1
damien@ATLMOBWEB:/var/www/rural-reader/2015/q1$ ls
current  releases  repo  revisions.log  shared
damien@ATLMOBWEB:/var/www/rural-reader/2015/q1$ 